Error: Cannot reference capture group associated with path 'nine', because sed does not support capture groups over \9, and its capture group would be \10