These words should be moved to the front, followed by the number "1": 1 hellohellohellohello goodbye x 0
