INSERT! 0first line
second line
INSERT! 2third line
fourth line